[POPUP] popup_trainer.py 启动 (test_mode=False)
[POPUP] console_hwnd=0x3210B34
[POPUP] message_hwnd=0x4F0DBC
[POPUP] hotkey registered Ctrl+Shift+A
[POPUP] startup hidden
[POPUP] WM_HOTKEY received wparam=1 lparam_hi=65 lparam_lo=6
[POPUP] toggle show (count=1)
[POPUP] WM_HOTKEY received wparam=1 lparam_hi=65 lparam_lo=6
[POPUP] toggle hide (count=2)
[POPUP] WM_HOTKEY received wparam=1 lparam_hi=65 lparam_lo=6
[POPUP] toggle show (count=3)
[POPUP] WM_HOTKEY received wparam=1 lparam_hi=65 lparam_lo=6
[POPUP] toggle hide (count=4)
[POPUP] WM_HOTKEY received wparam=1 lparam_hi=65 lparam_lo=6
[POPUP] toggle show (count=5)
[POPUP] WM_HOTKEY received wparam=1 lparam_hi=65 lparam_lo=6
[POPUP] toggle hide (count=6)
[POPUP] WM_HOTKEY received wparam=1 lparam_hi=65 lparam_lo=6
[POPUP] toggle show (count=7)
[POPUP] WM_HOTKEY received wparam=1 lparam_hi=65 lparam_lo=6
[POPUP] toggle hide (count=8)
[POPUP] WM_HOTKEY received wparam=1 lparam_hi=65 lparam_lo=6
[POPUP] toggle show (count=9)
[POPUP] WM_HOTKEY received wparam=1 lparam_hi=65 lparam_lo=6
[POPUP] toggle hide (count=10)
[POPUP] WM_HOTKEY received wparam=1 lparam_hi=65 lparam_lo=6
[POPUP] toggle show (count=11)
[POPUP] WM_HOTKEY received wparam=1 lparam_hi=65 lparam_lo=6
[POPUP] toggle hide (count=12)
[POPUP] WM_HOTKEY received wparam=1 lparam_hi=65 lparam_lo=6
[POPUP] toggle show (count=13)
[POPUP] WM_HOTKEY received wparam=1 lparam_hi=65 lparam_lo=6
[POPUP] toggle hide (count=14)
[POPUP] WM_HOTKEY received wparam=1 lparam_hi=65 lparam_lo=6
[POPUP] toggle show (count=15)
[POPUP] WM_HOTKEY received wparam=1 lparam_hi=65 lparam_lo=6
[POPUP] toggle hide (count=16)
[POPUP] WM_HOTKEY received wparam=1 lparam_hi=65 lparam_lo=6
[POPUP] toggle show (count=17)
[POPUP] WM_HOTKEY received wparam=1 lparam_hi=65 lparam_lo=6
[POPUP] toggle hide (count=18)
[POPUP] WM_HOTKEY received wparam=1 lparam_hi=65 lparam_lo=6
[POPUP] toggle show (count=19)
